251002  0:46:16 [Note] Plugin 'FEDERATED' is disabled.
251002  0:46:16 InnoDB: The InnoDB memory heap is disabled
251002  0:46:16 InnoDB: Mutexes and rw_locks use Windows interlocked functions
251002  0:46:16 InnoDB: Compressed tables use zlib 1.2.3
251002  0:46:16 InnoDB: Initializing buffer pool, size = 16.0M
251002  0:46:16 InnoDB: Completed initialization of buffer pool
InnoDB: The first specified data file .\ibdata1 did not exist:
InnoDB: a new database to be created!
251002  0:46:16  InnoDB: Setting file .\ibdata1 size to 10 MB
InnoDB: Database physically writes the file full: wait...
251002  0:46:16  InnoDB: Log file .\ib_logfile0 did not exist: new to be created
InnoDB: Setting log file .\ib_logfile0 size to 5 MB
InnoDB: Database physically writes the file full: wait...
251002  0:46:16  InnoDB: Log file .\ib_logfile1 did not exist: new to be created
InnoDB: Setting log file .\ib_logfile1 size to 5 MB
InnoDB: Database physically writes the file full: wait...
InnoDB: Doublewrite buffer not found: creating new
InnoDB: Doublewrite buffer created
InnoDB: 127 rollback segment(s) active.
InnoDB: Creating foreign key constraint system tables
InnoDB: Foreign key constraint system tables created
251002  0:46:16  InnoDB: Waiting for the background threads to start
251002  0:46:17 InnoDB: 5.5.46 started; log sequence number 0
251002  0:46:17 [Note] Server hostname (bind-address): '127.0.0.1'; port: 3306
251002  0:46:17 [Note]   - '127.0.0.1' resolves to '127.0.0.1';
251002  0:46:17 [Note] Server socket created on IP: '127.0.0.1'.
251002  0:46:17 [Note] Event Scheduler: Loaded 0 events
251002  0:46:17 [Note] E:\SS\UniServerZ\core\mysql\bin\mysqld_z.exe: ready for connections.
Version: '5.5.46'  socket: ''  port: 3306  MySQL Community Server (GPL)
251002  0:46:24 [Note] Plugin 'FEDERATED' is disabled.
251002  0:46:24 InnoDB: The InnoDB memory heap is disabled
251002  0:46:24 InnoDB: Mutexes and rw_locks use Windows interlocked functions
251002  0:46:24 InnoDB: Compressed tables use zlib 1.2.3
251002  0:46:24 InnoDB: Initializing buffer pool, size = 16.0M
251002  0:46:24 InnoDB: Completed initialization of buffer pool
251002  0:46:24 InnoDB: highest supported file format is Barracuda.
InnoDB: The log sequence number in ibdata files does not match
InnoDB: the log sequence number in the ib_logfiles!
251002  0:46:24  InnoDB: Database was not shut down normally!
InnoDB: Starting crash recovery.
InnoDB: Reading tablespace information from the .ibd files...
InnoDB: Restoring possible half-written data pages from the doublewrite
InnoDB: buffer...
251002  0:46:24  InnoDB: Waiting for the background threads to start
251002  0:46:25 InnoDB: 5.5.46 started; log sequence number 1595675
251002  0:46:25 [Note] Server hostname (bind-address): '127.0.0.1'; port: 3306
251002  0:46:25 [Note]   - '127.0.0.1' resolves to '127.0.0.1';
251002  0:46:25 [Note] Server socket created on IP: '127.0.0.1'.
251002  0:46:25 [Note] Event Scheduler: Loaded 0 events
251002  0:46:25 [Note] E:\SS\UniServerZ\core\mysql\bin\mysqld_z.exe: ready for connections.
Version: '5.5.46'  socket: ''  port: 3306  MySQL Community Server (GPL)
251002  0:52:50 [Note] E:\SS\UniServerZ\core\mysql\bin\mysqld_z.exe: Normal shutdown

251002  0:52:50 [Note] Event Scheduler: Purging the queue. 0 events
251002  0:52:50  InnoDB: Starting shutdown...
251002  0:52:51  InnoDB: Shutdown completed; log sequence number 1595675
251002  0:52:51 [Note] E:\SS\UniServerZ\core\mysql\bin\mysqld_z.exe: Shutdown complete

251002 17:30:58 [Note] Plugin 'FEDERATED' is disabled.
251002 17:30:58 InnoDB: The InnoDB memory heap is disabled
251002 17:30:58 InnoDB: Mutexes and rw_locks use Windows interlocked functions
251002 17:30:58 InnoDB: Compressed tables use zlib 1.2.3
251002 17:30:58 InnoDB: Initializing buffer pool, size = 16.0M
251002 17:30:58 InnoDB: Completed initialization of buffer pool
251002 17:30:58 InnoDB: highest supported file format is Barracuda.
251002 17:30:58  InnoDB: Waiting for the background threads to start
251002 17:30:59 InnoDB: 5.5.46 started; log sequence number 1595675
251002 17:30:59 [Note] Server hostname (bind-address): '127.0.0.1'; port: 3306
251002 17:30:59 [Note]   - '127.0.0.1' resolves to '127.0.0.1';
251002 17:30:59 [Note] Server socket created on IP: '127.0.0.1'.
251002 17:31:00 [Note] Event Scheduler: Loaded 0 events
251002 17:31:00 [Note] E:\ITCM_SS_Bot_2\UniServerZ\core\mysql\bin\mysqld_z.exe: ready for connections.
Version: '5.5.46'  socket: ''  port: 3306  MySQL Community Server (GPL)
251002 17:55:56 [Note] E:\ITCM_SS_Bot_2\UniServerZ\core\mysql\bin\mysqld_z.exe: Normal shutdown

251002 17:55:56 [Note] Event Scheduler: Purging the queue. 0 events
251002 17:55:58 [Warning] E:\ITCM_SS_Bot_2\UniServerZ\core\mysql\bin\mysqld_z.exe: Forcing close of thread 2  user: 'root'

251002 17:55:58  InnoDB: Starting shutdown...
251002 17:56:00  InnoDB: Shutdown completed; log sequence number 1673875
251002 17:56:00 [Note] E:\ITCM_SS_Bot_2\UniServerZ\core\mysql\bin\mysqld_z.exe: Shutdown complete

251003  0:23:36 [Note] Plugin 'FEDERATED' is disabled.
251003  0:23:36 InnoDB: The InnoDB memory heap is disabled
251003  0:23:36 InnoDB: Mutexes and rw_locks use Windows interlocked functions
251003  0:23:36 InnoDB: Compressed tables use zlib 1.2.3
251003  0:23:36 InnoDB: Initializing buffer pool, size = 16.0M
251003  0:23:36 InnoDB: Completed initialization of buffer pool
251003  0:23:36 InnoDB: highest supported file format is Barracuda.
251003  0:23:36  InnoDB: Waiting for the background threads to start
251003  0:23:37 InnoDB: 5.5.46 started; log sequence number 1673875
251003  0:23:37 [Note] Server hostname (bind-address): '127.0.0.1'; port: 3306
251003  0:23:37 [Note]   - '127.0.0.1' resolves to '127.0.0.1';
251003  0:23:37 [Note] Server socket created on IP: '127.0.0.1'.
251003  0:23:38 [Note] Event Scheduler: Loaded 0 events
251003  0:23:38 [Note] E:\ITCM_SS_Bot_2\UniServerZ\core\mysql\bin\mysqld_z.exe: ready for connections.
Version: '5.5.46'  socket: ''  port: 3306  MySQL Community Server (GPL)
251003  0:25:25 [Note] E:\ITCM_SS_Bot_2\UniServerZ\core\mysql\bin\mysqld_z.exe: Normal shutdown

251003  0:25:25 [Note] Event Scheduler: Purging the queue. 0 events
251003  0:25:25  InnoDB: Starting shutdown...
251003  0:25:27  InnoDB: Shutdown completed; log sequence number 1673885
251003  0:25:27 [Note] E:\ITCM_SS_Bot_2\UniServerZ\core\mysql\bin\mysqld_z.exe: Shutdown complete

251003 10:09:30 [Note] Plugin 'FEDERATED' is disabled.
251003 10:09:30 InnoDB: The InnoDB memory heap is disabled
251003 10:09:30 InnoDB: Mutexes and rw_locks use Windows interlocked functions
251003 10:09:30 InnoDB: Compressed tables use zlib 1.2.3
251003 10:09:30 InnoDB: Initializing buffer pool, size = 16.0M
251003 10:09:30 InnoDB: Completed initialization of buffer pool
251003 10:09:30 InnoDB: highest supported file format is Barracuda.
251003 10:09:30  InnoDB: Waiting for the background threads to start
251003 10:09:31 InnoDB: 5.5.46 started; log sequence number 1673885
251003 10:09:31 [Note] Server hostname (bind-address): '127.0.0.1'; port: 3306
251003 10:09:31 [Note]   - '127.0.0.1' resolves to '127.0.0.1';
251003 10:09:31 [Note] Server socket created on IP: '127.0.0.1'.
251003 10:09:32 [Note] Event Scheduler: Loaded 0 events
251003 10:09:32 [Note] E:\ITCM_SS_Bot_2\UniServerZ\core\mysql\bin\mysqld_z.exe: ready for connections.
Version: '5.5.46'  socket: ''  port: 3306  MySQL Community Server (GPL)
251003 11:45:13 [Note] E:\ITCM_SS_Bot_2\UniServerZ\core\mysql\bin\mysqld_z.exe: Normal shutdown

251003 11:45:13 [Note] Event Scheduler: Purging the queue. 0 events
251003 11:45:15 [Warning] E:\ITCM_SS_Bot_2\UniServerZ\core\mysql\bin\mysqld_z.exe: Forcing close of thread 3  user: 'root'

251003 11:45:15  InnoDB: Starting shutdown...
251003 11:45:16  InnoDB: Shutdown completed; log sequence number 1673895
251003 11:45:16 [Note] E:\ITCM_SS_Bot_2\UniServerZ\core\mysql\bin\mysqld_z.exe: Shutdown complete

251006 18:59:44 [Note] Plugin 'FEDERATED' is disabled.
251006 18:59:44 InnoDB: The InnoDB memory heap is disabled
251006 18:59:44 InnoDB: Mutexes and rw_locks use Windows interlocked functions
251006 18:59:44 InnoDB: Compressed tables use zlib 1.2.3
251006 18:59:44 InnoDB: Initializing buffer pool, size = 16.0M
251006 18:59:44 InnoDB: Completed initialization of buffer pool
251006 18:59:44 InnoDB: highest supported file format is Barracuda.
251006 18:59:44  InnoDB: Waiting for the background threads to start
251006 18:59:45 InnoDB: 5.5.46 started; log sequence number 1673895
251006 18:59:45 [Note] Server hostname (bind-address): '127.0.0.1'; port: 3306
251006 18:59:45 [Note]   - '127.0.0.1' resolves to '127.0.0.1';
251006 18:59:45 [Note] Server socket created on IP: '127.0.0.1'.
251006 18:59:45 [Note] Event Scheduler: Loaded 0 events
251006 18:59:45 [Note] E:\ITCM_SS_Bot_2\UniServerZ\core\mysql\bin\mysqld_z.exe: ready for connections.
Version: '5.5.46'  socket: ''  port: 3306  MySQL Community Server (GPL)
251006 21:23:20 [Note] E:\ITCM_SS_Bot_2\UniServerZ\core\mysql\bin\mysqld_z.exe: Normal shutdown

251006 21:23:20 [Note] Event Scheduler: Purging the queue. 0 events
251006 21:23:20  InnoDB: Starting shutdown...
251006 21:23:21  InnoDB: Shutdown completed; log sequence number 1673905
251006 21:23:21 [Note] E:\ITCM_SS_Bot_2\UniServerZ\core\mysql\bin\mysqld_z.exe: Shutdown complete

251007 17:17:52 [Note] Plugin 'FEDERATED' is disabled.
251007 17:17:52 InnoDB: The InnoDB memory heap is disabled
251007 17:17:52 InnoDB: Mutexes and rw_locks use Windows interlocked functions
251007 17:17:52 InnoDB: Compressed tables use zlib 1.2.3
251007 17:17:52 InnoDB: Initializing buffer pool, size = 16.0M
251007 17:17:52 InnoDB: Completed initialization of buffer pool
251007 17:17:52 InnoDB: highest supported file format is Barracuda.
251007 17:17:52  InnoDB: Waiting for the background threads to start
251007 17:17:53 InnoDB: 5.5.46 started; log sequence number 1673905
251007 17:17:53 [Note] Server hostname (bind-address): '127.0.0.1'; port: 3306
251007 17:17:53 [Note]   - '127.0.0.1' resolves to '127.0.0.1';
251007 17:17:53 [Note] Server socket created on IP: '127.0.0.1'.
251007 17:17:53 [Note] Event Scheduler: Loaded 0 events
251007 17:17:53 [Note] E:\ITCM_SS_Bot_2\UniServerZ\core\mysql\bin\mysqld_z.exe: ready for connections.
Version: '5.5.46'  socket: ''  port: 3306  MySQL Community Server (GPL)
251007 18:13:08 [Note] E:\ITCM_SS_Bot_2\UniServerZ\core\mysql\bin\mysqld_z.exe: Normal shutdown

251007 18:13:08 [Note] Event Scheduler: Purging the queue. 0 events
251007 18:13:08  InnoDB: Starting shutdown...
251007 18:13:10  InnoDB: Shutdown completed; log sequence number 1673915
251007 18:13:10 [Note] E:\ITCM_SS_Bot_2\UniServerZ\core\mysql\bin\mysqld_z.exe: Shutdown complete

251007 18:14:47 [Note] Plugin 'FEDERATED' is disabled.
251007 18:14:47 InnoDB: The InnoDB memory heap is disabled
251007 18:14:47 InnoDB: Mutexes and rw_locks use Windows interlocked functions
251007 18:14:47 InnoDB: Compressed tables use zlib 1.2.3
251007 18:14:47 InnoDB: Initializing buffer pool, size = 16.0M
251007 18:14:47 InnoDB: Completed initialization of buffer pool
251007 18:14:47 InnoDB: highest supported file format is Barracuda.
251007 18:14:47  InnoDB: Waiting for the background threads to start
251007 18:14:48 InnoDB: 5.5.46 started; log sequence number 1673915
251007 18:14:48 [Note] Server hostname (bind-address): '127.0.0.1'; port: 3306
251007 18:14:48 [Note]   - '127.0.0.1' resolves to '127.0.0.1';
251007 18:14:48 [Note] Server socket created on IP: '127.0.0.1'.
251007 18:14:48 [Note] Event Scheduler: Loaded 0 events
251007 18:14:48 [Note] E:\ITCM_SS_Bot_2\UniServerZ\core\mysql\bin\mysqld_z.exe: ready for connections.
Version: '5.5.46'  socket: ''  port: 3306  MySQL Community Server (GPL)
251007 18:20:49 [Note] E:\ITCM_SS_Bot_2\UniServerZ\core\mysql\bin\mysqld_z.exe: Normal shutdown

251007 18:20:49 [Note] Event Scheduler: Purging the queue. 0 events
251007 18:20:49  InnoDB: Starting shutdown...
251007 18:20:50  InnoDB: Shutdown completed; log sequence number 1741324
251007 18:20:50 [Note] E:\ITCM_SS_Bot_2\UniServerZ\core\mysql\bin\mysqld_z.exe: Shutdown complete

251014 10:33:05 [Note] Plugin 'FEDERATED' is disabled.
251014 10:33:05 InnoDB: The InnoDB memory heap is disabled
251014 10:33:05 InnoDB: Mutexes and rw_locks use Windows interlocked functions
251014 10:33:05 InnoDB: Compressed tables use zlib 1.2.3
251014 10:33:05 InnoDB: Initializing buffer pool, size = 16.0M
251014 10:33:05 InnoDB: Completed initialization of buffer pool
251014 10:33:05 InnoDB: highest supported file format is Barracuda.
251014 10:33:05  InnoDB: Waiting for the background threads to start
251014 10:33:06 InnoDB: 5.5.46 started; log sequence number 1741324
251014 10:33:06 [Note] Server hostname (bind-address): '127.0.0.1'; port: 3306
251014 10:33:06 [Note]   - '127.0.0.1' resolves to '127.0.0.1';
251014 10:33:06 [Note] Server socket created on IP: '127.0.0.1'.
251014 10:33:06 [Note] Event Scheduler: Loaded 0 events
251014 10:33:06 [Note] E:\ITCM_SS_Bot_2\UniServerZ\core\mysql\bin\mysqld_z.exe: ready for connections.
Version: '5.5.46'  socket: ''  port: 3306  MySQL Community Server (GPL)
251014 11:51:11 [Note] E:\ITCM_SS_Bot_2\UniServerZ\core\mysql\bin\mysqld_z.exe: Normal shutdown

251014 11:51:11 [Note] Event Scheduler: Purging the queue. 0 events
251014 11:51:13 [Warning] E:\ITCM_SS_Bot_2\UniServerZ\core\mysql\bin\mysqld_z.exe: Forcing close of thread 2  user: 'root'

251014 11:51:13  InnoDB: Starting shutdown...
251014 11:51:14  InnoDB: Shutdown completed; log sequence number 1741334
251014 11:51:14 [Note] E:\ITCM_SS_Bot_2\UniServerZ\core\mysql\bin\mysqld_z.exe: Shutdown complete

251015 19:05:19 [Note] Plugin 'FEDERATED' is disabled.
251015 19:05:19 InnoDB: The InnoDB memory heap is disabled
251015 19:05:19 InnoDB: Mutexes and rw_locks use Windows interlocked functions
251015 19:05:19 InnoDB: Compressed tables use zlib 1.2.3
251015 19:05:19 InnoDB: Initializing buffer pool, size = 16.0M
251015 19:05:19 InnoDB: Completed initialization of buffer pool
251015 19:05:19 InnoDB: highest supported file format is Barracuda.
251015 19:05:19  InnoDB: Waiting for the background threads to start
251015 19:05:20 InnoDB: 5.5.46 started; log sequence number 1741334
251015 19:05:20 [Note] Server hostname (bind-address): '127.0.0.1'; port: 3306
251015 19:05:20 [Note]   - '127.0.0.1' resolves to '127.0.0.1';
251015 19:05:20 [Note] Server socket created on IP: '127.0.0.1'.
251015 19:05:20 [Note] Event Scheduler: Loaded 0 events
251015 19:05:20 [Note] E:\ITCM_SS_Bot_2\UniServerZ\core\mysql\bin\mysqld_z.exe: ready for connections.
Version: '5.5.46'  socket: ''  port: 3306  MySQL Community Server (GPL)
251015 20:57:55 [Note] E:\ITCM_SS_Bot_2\UniServerZ\core\mysql\bin\mysqld_z.exe: Normal shutdown

251015 20:57:55 [Note] Event Scheduler: Purging the queue. 0 events
251015 20:57:55  InnoDB: Starting shutdown...
251015 20:57:55  InnoDB: Shutdown completed; log sequence number 1744728
251015 20:57:55 [Note] E:\ITCM_SS_Bot_2\UniServerZ\core\mysql\bin\mysqld_z.exe: Shutdown complete

251016 16:59:32 [Note] Plugin 'FEDERATED' is disabled.
251016 16:59:32 InnoDB: The InnoDB memory heap is disabled
251016 16:59:32 InnoDB: Mutexes and rw_locks use Windows interlocked functions
251016 16:59:32 InnoDB: Compressed tables use zlib 1.2.3
251016 16:59:32 InnoDB: Initializing buffer pool, size = 16.0M
251016 16:59:32 InnoDB: Completed initialization of buffer pool
251016 16:59:32 InnoDB: highest supported file format is Barracuda.
251016 16:59:32  InnoDB: Waiting for the background threads to start
251016 16:59:33 InnoDB: 5.5.46 started; log sequence number 1744728
251016 16:59:33 [Note] Server hostname (bind-address): '127.0.0.1'; port: 3306
251016 16:59:33 [Note]   - '127.0.0.1' resolves to '127.0.0.1';
251016 16:59:33 [Note] Server socket created on IP: '127.0.0.1'.
251016 16:59:33 [Note] Event Scheduler: Loaded 0 events
251016 16:59:33 [Note] E:\ITCM_SS_Bot_2\UniServerZ\core\mysql\bin\mysqld_z.exe: ready for connections.
Version: '5.5.46'  socket: ''  port: 3306  MySQL Community Server (GPL)
251016 17:59:03 [Note] E:\ITCM_SS_Bot_2\UniServerZ\core\mysql\bin\mysqld_z.exe: Normal shutdown

251016 17:59:03 [Note] Event Scheduler: Purging the queue. 0 events
251016 17:59:03  InnoDB: Starting shutdown...
251016 17:59:03  InnoDB: Shutdown completed; log sequence number 1744738
251016 17:59:03 [Note] E:\ITCM_SS_Bot_2\UniServerZ\core\mysql\bin\mysqld_z.exe: Shutdown complete

251020 20:01:07 [Note] Plugin 'FEDERATED' is disabled.
251020 20:01:07 InnoDB: The InnoDB memory heap is disabled
251020 20:01:07 InnoDB: Mutexes and rw_locks use Windows interlocked functions
251020 20:01:07 InnoDB: Compressed tables use zlib 1.2.3
251020 20:01:07 InnoDB: Initializing buffer pool, size = 16.0M
251020 20:01:07 InnoDB: Completed initialization of buffer pool
251020 20:01:07 InnoDB: highest supported file format is Barracuda.
251020 20:01:08  InnoDB: Waiting for the background threads to start
251020 20:01:09 InnoDB: 5.5.46 started; log sequence number 1744738
251020 20:01:09 [Note] Server hostname (bind-address): '127.0.0.1'; port: 3306
251020 20:01:09 [Note]   - '127.0.0.1' resolves to '127.0.0.1';
251020 20:01:09 [Note] Server socket created on IP: '127.0.0.1'.
251020 20:01:09 [Note] Event Scheduler: Loaded 0 events
251020 20:01:09 [Note] E:\ITCM_SS_Bot_2\UniServerZ\core\mysql\bin\mysqld_z.exe: ready for connections.
Version: '5.5.46'  socket: ''  port: 3306  MySQL Community Server (GPL)
251020 20:02:31 [Note] E:\ITCM_SS_Bot_2\UniServerZ\core\mysql\bin\mysqld_z.exe: Normal shutdown

251020 20:02:31 [Note] Event Scheduler: Purging the queue. 0 events
251020 20:02:31  InnoDB: Starting shutdown...
251020 20:02:31  InnoDB: Shutdown completed; log sequence number 1744738
251020 20:02:31 [Note] E:\ITCM_SS_Bot_2\UniServerZ\core\mysql\bin\mysqld_z.exe: Shutdown complete

251114 17:49:10 [Note] Plugin 'FEDERATED' is disabled.
251114 17:49:10 InnoDB: The InnoDB memory heap is disabled
251114 17:49:10 InnoDB: Mutexes and rw_locks use Windows interlocked functions
251114 17:49:10 InnoDB: Compressed tables use zlib 1.2.3
251114 17:49:10 InnoDB: Initializing buffer pool, size = 16.0M
251114 17:49:10 InnoDB: Completed initialization of buffer pool
251114 17:49:10 InnoDB: highest supported file format is Barracuda.
251114 17:49:10  InnoDB: Waiting for the background threads to start
251114 17:49:11 InnoDB: 5.5.46 started; log sequence number 1744738
251114 17:49:11 [Note] Server hostname (bind-address): '127.0.0.1'; port: 3306
251114 17:49:11 [Note]   - '127.0.0.1' resolves to '127.0.0.1';
251114 17:49:11 [Note] Server socket created on IP: '127.0.0.1'.
251114 17:49:11 [Note] Event Scheduler: Loaded 0 events
251114 17:49:11 [Note] E:\ITCM_SS_Bot_2\UniServerZ\core\mysql\bin\mysqld_z.exe: ready for connections.
Version: '5.5.46'  socket: ''  port: 3306  MySQL Community Server (GPL)
251117  1:28:56 [Note] Plugin 'FEDERATED' is disabled.
251117  1:28:56 InnoDB: The InnoDB memory heap is disabled
251117  1:28:56 InnoDB: Mutexes and rw_locks use Windows interlocked functions
251117  1:28:56 InnoDB: Compressed tables use zlib 1.2.3
251117  1:28:56 InnoDB: Initializing buffer pool, size = 16.0M
251117  1:28:56 InnoDB: Completed initialization of buffer pool
251117  1:28:56 InnoDB: highest supported file format is Barracuda.
251117  1:28:56  InnoDB: Waiting for the background threads to start
251117  1:28:57 InnoDB: 5.5.46 started; log sequence number 1744738
251117  1:28:57 [Note] Server hostname (bind-address): '127.0.0.1'; port: 3306
251117  1:28:57 [Note]   - '127.0.0.1' resolves to '127.0.0.1';
251117  1:28:57 [Note] Server socket created on IP: '127.0.0.1'.
251117  1:28:57 [Note] Event Scheduler: Loaded 0 events
251117  1:28:57 [Note] E:\ITCM_Bot_SS\UniServerZ\core\mysql\bin\mysqld_z.exe: ready for connections.
Version: '5.5.46'  socket: ''  port: 3306  MySQL Community Server (GPL)
251117  1:51:53 [Note] E:\ITCM_Bot_SS\UniServerZ\core\mysql\bin\mysqld_z.exe: Normal shutdown

251117  1:51:53 [Note] Event Scheduler: Purging the queue. 0 events
251117  1:51:55 [Warning] E:\ITCM_Bot_SS\UniServerZ\core\mysql\bin\mysqld_z.exe: Forcing close of thread 6  user: 'root'

251117  1:51:55  InnoDB: Starting shutdown...
251117  1:51:56  InnoDB: Shutdown completed; log sequence number 1744748
251117  1:51:56 [Note] E:\ITCM_Bot_SS\UniServerZ\core\mysql\bin\mysqld_z.exe: Shutdown complete

251117  1:51:59 [Note] Plugin 'FEDERATED' is disabled.
251117  1:51:59 InnoDB: The InnoDB memory heap is disabled
251117  1:51:59 InnoDB: Mutexes and rw_locks use Windows interlocked functions
251117  1:51:59 InnoDB: Compressed tables use zlib 1.2.3
251117  1:51:59 InnoDB: Initializing buffer pool, size = 16.0M
251117  1:51:59 InnoDB: Completed initialization of buffer pool
251117  1:51:59 InnoDB: highest supported file format is Barracuda.
251117  1:51:59  InnoDB: Waiting for the background threads to start
251117  1:52:00 InnoDB: 5.5.46 started; log sequence number 1744748
251117  1:52:00 [Note] Server hostname (bind-address): '127.0.0.1'; port: 3306
251117  1:52:00 [Note]   - '127.0.0.1' resolves to '127.0.0.1';
251117  1:52:00 [Note] Server socket created on IP: '127.0.0.1'.
251117  1:52:00 [Note] Event Scheduler: Loaded 0 events
251117  1:52:00 [Note] E:\ITCM_Bot_SS\UniServerZ\core\mysql\bin\mysqld_z.exe: ready for connections.
Version: '5.5.46'  socket: ''  port: 3306  MySQL Community Server (GPL)
251117  2:15:50 [Note] E:\ITCM_Bot_SS\UniServerZ\core\mysql\bin\mysqld_z.exe: Normal shutdown

251117  2:15:50 [Note] Event Scheduler: Purging the queue. 0 events
251117  2:15:52 [Warning] E:\ITCM_Bot_SS\UniServerZ\core\mysql\bin\mysqld_z.exe: Forcing close of thread 2  user: 'root'

251117  2:15:52  InnoDB: Starting shutdown...
251117  2:15:53  InnoDB: Shutdown completed; log sequence number 1749484
251117  2:15:53 [Note] E:\ITCM_Bot_SS\UniServerZ\core\mysql\bin\mysqld_z.exe: Shutdown complete

251117 12:23:30 [Note] Plugin 'FEDERATED' is disabled.
251117 12:23:30 InnoDB: The InnoDB memory heap is disabled
251117 12:23:30 InnoDB: Mutexes and rw_locks use Windows interlocked functions
251117 12:23:30 InnoDB: Compressed tables use zlib 1.2.3
251117 12:23:30 InnoDB: Initializing buffer pool, size = 16.0M
251117 12:23:30 InnoDB: Completed initialization of buffer pool
251117 12:23:30 InnoDB: highest supported file format is Barracuda.
251117 12:23:30  InnoDB: Waiting for the background threads to start
251117 12:23:31 InnoDB: 5.5.46 started; log sequence number 1749484
251117 12:23:31 [Note] Server hostname (bind-address): '127.0.0.1'; port: 3306
251117 12:23:31 [Note]   - '127.0.0.1' resolves to '127.0.0.1';
251117 12:23:31 [Note] Server socket created on IP: '127.0.0.1'.
251117 12:23:32 [Note] Event Scheduler: Loaded 0 events
251117 12:23:32 [Note] E:\ITCM_Bot_SS\UniServerZ\core\mysql\bin\mysqld_z.exe: ready for connections.
Version: '5.5.46'  socket: ''  port: 3306  MySQL Community Server (GPL)
251117 12:27:56 [Note] E:\ITCM_Bot_SS\UniServerZ\core\mysql\bin\mysqld_z.exe: Normal shutdown

251117 12:27:56 [Note] Event Scheduler: Purging the queue. 0 events
251117 12:27:56  InnoDB: Starting shutdown...
251117 12:27:58  InnoDB: Shutdown completed; log sequence number 1752235
251117 12:27:58 [Note] E:\ITCM_Bot_SS\UniServerZ\core\mysql\bin\mysqld_z.exe: Shutdown complete

